// Jest Snapshot v1, https://goo.gl/fbAQLP

exports[`Pruebas en el componente GifExpertApp debe mostrar una lista de categor√≠a 1`] = `
<Fragment>
  <h2>
    GifExpertApp
  </h2>
  <CategoryAdd
    setCategories={[Function]}
  />
  <hr />
  <ol>
    <GifGrid
      category="One Punch"
      key="One Punch"
    />
    <GifGrid
      category="Dragon Ball"
      key="Dragon Ball"
    />
  </ol>
</Fragment>
`;

exports[`Pruebas en el componente GifExpertApp debe mostrarse correctamente 1`] = `
<Fragment>
  <h2>
    GifExpertApp
  </h2>
  <CategoryAdd
    setCategories={[Function]}
  />
  <hr />
  <ol />
</Fragment>
`;
