// Jest Snapshot v1, https://goo.gl/fbAQLP

exports[`Pruebas en <GifGridItem/> should show <GifGridItem/> correctly 1`] = `
<div
  className="card animate__animated animate__fadeIn"
>
  <img
    alt="Goku"
    src="https://localhost/goku.jpg"
  />
  <p>
    Goku
  </p>
</div>
`;
